% lucida.map
% Mappings of lucida fonts for xdvi.
% 
% I have not looked at this file in disgust - janl 21/2/1999
%
% If t1mapper has been used on the lucida fonts then most of these are
% quite redundant.

hlcbot8r LucidaTypewriterBoldOblique "TeXBase1Encoding ReEncodeFont" <8r.enc <lbtbo.pfb
hlcbt8r LucidaTypewriterBold "TeXBase1Encoding ReEncodeFont" <8r.enc <lbtb.pfb

hlcda LucidaNewMath-Arrows-Demi <lbmad.pfb
hlcdim LucidaNewMath-DemiItalic <lbmdi.pfb
hlcdima LucidaNewMath-AltDemiItalic <lbmdo.pfb
hlcdm LucidaNewMath-Demibold <lbmd.pfb
hlcdy LucidaNewMath-Symbol-Demi <lbmsd.pfb
hlcra LucidaNewMath-Arrows <lbma.pfb
hlcrf8r LucidaBlackletter "TeXBase1Encoding ReEncodeFont" <8r.enc <lbl.pfb
hlcrie8r LucidaCalligraphy-Italic "TeXBase1Encoding ReEncodeFont" <8r.enc <lbc.pfb

hlcbot8rn LucidaTypewriterBoldOblique ".850 ExtendFont TeXBase1Encoding ReEncodeFont" <8r.enc <lbtbo.pfb 
hlcbt8rn LucidaTypewriterBold ".850 ExtendFont TeXBase1Encoding ReEncodeFont" <8r.enc <lbtb.pfb 

hlcrim LucidaNewMath-Italic <lbmi.pfb
hlcrima LucidaNewMath-AltItalic <lbmo.pfb
hlcrin8r LucidaCasual-Italic "TeXBase1Encoding ReEncodeFont" <8r.enc <lbki.pfb
hlcriw8r LucidaHandwriting-Italic "TeXBase1Encoding ReEncodeFont" <8r.enc <lbh.pfb
hlcrm LucidaNewMath-Roman <lbmr.pfb
hlcrn8r LucidaCasual "TeXBase1Encoding ReEncodeFont" <8r.enc <lbkr.pfb
hlcrof8r LucidaBlackletter ".167 SlantFont TeXBase1Encoding ReEncodeFont" <8r.enc <lbl.pfb 
hlcron8r LucidaCasual ".167 SlantFont TeXBase1Encoding ReEncodeFont" <8r.enc <lbkr.pfb 
hlcrot8r LucidaTypewriterOblique "TeXBase1Encoding ReEncodeFont" <8r.enc <lbto.pfb
hlcrot8rn LucidaTypewriterOblique ".850 ExtendFont TeXBase1Encoding ReEncodeFont" <8r.enc <lbto.pfb 
hlcrt8r LucidaTypewriter "TeXBase1Encoding ReEncodeFont" <8r.enc <lbtr.pfb
hlcrt8rn LucidaTypewriter ".850 ExtendFont TeXBase1Encoding ReEncodeFont" <8r.enc <lbtr.pfb 
hlcrv LucidaNewMath-Extension <lbme.pfb
hlcry LucidaNewMath-Symbol <lbms.pfb
hlhb8r LucidaBright-Demi "TeXBase1Encoding ReEncodeFont" <8r.enc <lbd.pfb
hlhbc8r LucidaBrightSmallcaps-Demi "TeXBase1Encoding ReEncodeFont" <8r.enc <lbdsc.pfb
hlhbi8r LucidaBright-DemiItalic "TeXBase1Encoding ReEncodeFont" <8r.enc <lbdi.pfb
hlhbo8r LucidaBright-Demi ".167 SlantFont TeXBase1Encoding ReEncodeFont" <8r.enc <lbd.pfb 
hlhr8r LucidaBright "TeXBase1Encoding ReEncodeFont" <8r.enc <lbr.pfb
hlhrc8r LucidaBrightSmallcaps "TeXBase1Encoding ReEncodeFont" <8r.enc <lbrsc.pfb
hlhri8r LucidaBright-Italic "TeXBase1Encoding ReEncodeFont" <8r.enc <lbi.pfb
hlhro8r LucidaBright-Oblique "TeXBase1Encoding ReEncodeFont" <8r.enc <lbsl.pfb 
hlsb8r LucidaSans-Demi "TeXBase1Encoding ReEncodeFont" <8r.enc <lsd.pfb
hlsbi8r LucidaSans-DemiItalic "TeXBase1Encoding ReEncodeFont" <8r.enc <lsdi.pfb
hlsbot8r LucidaSans-TypewriterBoldOblique "TeXBase1Encoding ReEncodeFont" <8r.enc <lstbo.pfb
hlsbot8rn LucidaSans-TypewriterBoldOblique ".850 ExtendFont TeXBase1Encoding ReEncodeFont" <8r.enc <lstbo.pfb 
hlsbt8r LucidaSans-TypewriterBold "TeXBase1Encoding ReEncodeFont" <8r.enc <lstb.pfb
hlsbt8rn LucidaSans-TypewriterBold ".850 ExtendFont TeXBase1Encoding ReEncodeFont" <8r.enc <lstb.pfb 
hlsr8r LucidaSans "TeXBase1Encoding ReEncodeFont" <8r.enc <lsr.pfb
hlsri8r LucidaSans-Italic "TeXBase1Encoding ReEncodeFont" <8r.enc <lsi.pfb
hlsro8r LucidaSans ".167 SlantFont TeXBase1Encoding ReEncodeFont" <8r.enc <lsr.pfb 
hlsrot8r LucidaSans-TypewriterOblique "TeXBase1Encoding ReEncodeFont" <8r.enc <lsto.pfb
hlsrot8rn LucidaSans-TypewriterOblique ".850 ExtendFont TeXBase1Encoding ReEncodeFont" <8r.enc <lsto.pfb 
hlsrt8r LucidaSans-Typewriter "TeXBase1Encoding ReEncodeFont" <8r.enc <lstr.pfb
hlsrt8rn LucidaSans-Typewriter ".850 ExtendFont TeXBase1Encoding ReEncodeFont" <8r.enc <lstr.pfb 
hlsu8r LucidaSans-Bold "TeXBase1Encoding ReEncodeFont" <8r.enc <lsb.pfb
hlsui8r LucidaSans-BoldItalic "TeXBase1Encoding ReEncodeFont" <8r.enc <lsbi.pfb
hlsuo8r LucidaSans-Bold ".167 SlantFont TeXBase1Encoding ReEncodeFont" <8r.enc <lsb.pfb 
hlxb8r LucidaFax-Demi "TeXBase1Encoding ReEncodeFont" <8r.enc <lfd.pfb
hlxbi8r LucidaFax-DemiItalic "TeXBase1Encoding ReEncodeFont" <8r.enc <lfdi.pfb
hlxbo8r LucidaFax-Demi ".167 SlantFont TeXBase1Encoding ReEncodeFont" <8r.enc <lfd.pfb 
hlxr8r LucidaFax "TeXBase1Encoding ReEncodeFont" <8r.enc <lfr.pfb
hlxri8r LucidaFax-Italic "TeXBase1Encoding ReEncodeFont" <8r.enc <lfi.pfb
hlxro8r LucidaFax ".167 SlantFont TeXBase1Encoding ReEncodeFont" <8r.enc <lfr.pfb 

lbkr LucidaCasual "TeXnANSIEncoding ReEncodeFont" <texnansi.enc <lbkr.pfb
lbl LucidaBlackletter "TeXnANSIEncoding ReEncodeFont" <texnansi.enc <lbl.pfb
lbma LucidaNewMath-Arrows <lbma.pfb
lbmad LucidaNewMath-Arrows-Demi <lbmad.pfb
lbmd LucidaNewMath-Demibold <lbmd.pfb
lbmdi LucidaNewMath-DemiItalic <lbmdi.pfb
lbmdo LucidaNewMath-AltDemiItalic <lbmdo.pfb
lbme LucidaNewMath-Extension <lbme.pfb
lbmi LucidaNewMath-Italic <lbmi.pfb
lbmo LucidaNewMath-AltItalic <lbmo.pfb
lbmr LucidaNewMath-Roman <lbmr.pfb
lbms LucidaNewMath-Symbol <lbms.pfb
lbmsd LucidaNewMath-Symbol-Demi <lbmsd.pfb
lbr LucidaBright "TeXnANSIEncoding ReEncodeFont" <texnansi.enc <lbr.pfb
lbrsc LucidaBrightSmallcaps "TeXnANSIEncoding ReEncodeFont" <texnansi.enc <lbrsc.pfb
lbsl LucidaBright-Oblique "TeXnANSIEncoding ReEncodeFont" <texnansi.enc <lbsl.pfb 
lbtb LucidaTypewriterBold "TeXnANSIEncoding ReEncodeFont" <texnansi.enc <lbtb.pfb
lbtbo LucidaTypewriterBoldOblique "TeXnANSIEncoding ReEncodeFont" <texnansi.enc <lbtbo.pfb
lbto LucidaTypewriterOblique "TeXnANSIEncoding ReEncodeFont" <texnansi.enc <lbto.pfb
lbtr LucidaTypewriter "TeXnANSIEncoding ReEncodeFont" <texnansi.enc <lbtr.pfb
lfd LucidaFax-Demi "TeXnANSIEncoding ReEncodeFont" <texnansi.enc <lfd.pfb
lfdi LucidaFax-DemiItalic "TeXnANSIEncoding ReEncodeFont" <texnansi.enc <lfdi.pfb
lfi LucidaFax-Italic "TeXnANSIEncoding ReEncodeFont" <texnansi.enc <lfi.pfb
lfr LucidaFax "TeXnANSIEncoding ReEncodeFont" <texnansi.enc <lfr.pfb
lsb LucidaSans-Bold "TeXnANSIEncoding ReEncodeFont" <texnansi.enc <lsb.pfb
lsbi LucidaSans-BoldItalic "TeXnANSIEncoding ReEncodeFont" <texnansi.enc <lsbi.pfb
lsd LucidaSans-Demi "TeXnANSIEncoding ReEncodeFont" <texnansi.enc <lsd.pfb
lsdi LucidaSans-DemiItalic "TeXnANSIEncoding ReEncodeFont" <texnansi.enc <lsdi.pfb
lsi LucidaSans-Italic "TeXnANSIEncoding ReEncodeFont" <texnansi.enc <lsi.pfb
lsr LucidaSans "TeXnANSIEncoding ReEncodeFont" <texnansi.enc <lsr.pfb
lstb LucidaSans-TypewriterBold "TeXnANSIEncoding ReEncodeFont" <texnansi.enc <lstb.pfb
lstbo LucidaSans-TypewriterBoldOblique "TeXnANSIEncoding ReEncodeFont" <texnansi.enc <lstbo.pfb
lsto LucidaSans-TypewriterOblique "TeXnANSIEncoding ReEncodeFont" <texnansi.enc <lsto.pfb
lstr LucidaSans-Typewriter "TeXnANSIEncoding ReEncodeFont" <texnansi.enc <lstr.pfb

lbc LucidaCalligraphy-Italic "TeXnANSIEncoding ReEncodeFont" <texnansi.enc <lbc.pfb
lbd LucidaBright-Demi "TeXnANSIEncoding ReEncodeFont" <texnansi.enc <lbd.pfb
lbdi LucidaBright-DemiItalic "TeXnANSIEncoding ReEncodeFont" <texnansi.enc <lbdi.pfb
lbdsc LucidaBrightSmallcaps-Demi "TeXnANSIEncoding ReEncodeFont" <texnansi.enc <lbdsc.pfb
lbh LucidaHandwriting-Italic "TeXnANSIEncoding ReEncodeFont" <texnansi.enc <lbh.pfb
lbi LucidaBright-Italic "TeXnANSIEncoding ReEncodeFont" <texnansi.enc <lbi.pfb
lbki LucidaCasual-Italic "TeXnANSIEncoding ReEncodeFont" <texnansi.enc <lbki.pfb
