texmf_scripts='
adhocfilelist/adhocfilelist.sh
bibexport/bibexport.sh
checklistings/checklistings.sh
ctanbib/ctanbib
dtxgen/dtxgen
git-latexdiff/git-latexdiff
installfont/installfont-tl
latexfileversion/latexfileversion
listbib/listbib
listings-ext/listings-ext.sh
ltxfileinfo/ltxfileinfo
pdfbook2/pdfbook2
pdfjam/pdfjam
pdftex-quiet/pdftex-quiet
pdfxup/pdfxup
pst-pdf/ps4pdf
simpdftex/simpdftex
texlive-extra/allcm.sh
texlive-extra/allneeded.sh
texlive-extra/dvi2fax.sh
texlive-extra/dvired.sh
texlive-extra/fontinst.sh
texlive-extra/kpsetool.sh
texlive-extra/kpsewhere.sh
texlive-extra/ps2frag.sh
texlive-extra/pslatex.sh
texlive-extra/rubibtex.sh
texlive-extra/rumakeindex.sh
texlive-extra/texconfig-dialog.sh
texlive-extra/texconfig-sys.sh
texlive-extra/texconfig.sh
texlive-extra/texlinks.sh
texosquery/texosquery.sh
texosquery/texosquery-jre5.sh
texosquery/texosquery-jre8.sh
tikztosvg/tikztosvg
typeoutfileinfo/typeoutfileinfo.sh
wordcount/wordcount.sh
a2ping/a2ping.pl
accfonts/mkt1font
accfonts/vpl2ovp
accfonts/vpl2vpl
arara/arara.sh
attachfile2/pdfatfi.pl
authorindex/authorindex
bib2gls/bib2gls.sh
bib2gls/convertgls2bib.sh
bundledoc/arlatex
bundledoc/bundledoc
cachepic/cachepic.tlu
checkcites/checkcites.lua
chklref/chklref.pl
cjk-gs-integrate/cjk-gs-integrate.pl
clojure-pamphlet/pamphletangler
cluttex/cluttex.lua
context/perl/mptopdf.pl
convbkmk/convbkmk.rb
crossrefware/bbl2bib.pl
crossrefware/bibdoiadd.pl
crossrefware/bibmradd.pl
crossrefware/biburl2doi.pl
crossrefware/bibzbladd.pl
crossrefware/ltx2crossrefxml.pl
ctan-o-mat/ctan-o-mat.pl
ctanify/ctanify
ctanupload/ctanupload.pl
de-macro/de-macro
diadia/diadia.lua
dosepsbin/dosepsbin.pl
dviasm/dviasm.py
dviinfox/dviinfox.pl
ebong/ebong.py
epspdf/epspdf.tlu
epspdf/epspdftk.tcl
epstopdf/epstopdf.pl
exceltex/exceltex
fig4latex/fig4latex
findhyph/findhyph
fontools/afm2afm
fontools/autoinst
fontools/ot2kpx
fragmaster/fragmaster.pl
getmap/getmapdl.lua
glossaries/makeglossaries
glossaries/makeglossaries-lite.lua
hyperxmp/hyperxmp-add-bytecount.pl
context/stubs/unix/context
context/stubs/unix/contextjit
context/stubs/unix/luatools
context/stubs/unix/mtxrun
context/stubs/unix/mtxrunjit
context/stubs/unix/texexec
context/stubs/unix/texmfstart
'
