texmf_scripts='
adhocfilelist/adhocfilelist.sh
bibexport/bibexport.sh
checklistings/checklistings.sh
ctanbib/ctanbib
dtxgen/dtxgen
git-latexdiff/git-latexdiff
installfont/installfont-tl
latexfileversion/latexfileversion
listbib/listbib
listings-ext/listings-ext.sh
ltxfileinfo/ltxfileinfo
pagelayout/pagelayoutapi
pagelayout/textestvis
pdfbook2/pdfbook2
pdfjam/pdfjam
pdftex-quiet/pdftex-quiet
pdfxup/pdfxup
pst-pdf/ps4pdf
simpdftex/simpdftex
texaccents/texaccents.sno
texlive-extra/allcm.sh
texlive-extra/allneeded.sh
texlive-extra/dvi2fax.sh
texlive-extra/dvired.sh
texlive-extra/fontinst.sh
texlive-extra/kpsetool.sh
texlive-extra/kpsewhere.sh
texlive-extra/ps2frag.sh
texlive-extra/pslatex.sh
texlive-extra/rubibtex.sh
texlive-extra/rumakeindex.sh
texlive-extra/texconfig-dialog.sh
texlive-extra/texconfig-sys.sh
texlive-extra/texconfig.sh
texlive-extra/texlinks.sh
texlive-extra/xetex-unsafe.sh
texlive-extra/xelatex-unsafe.sh
texosquery/texosquery.sh
texosquery/texosquery-jre5.sh
texosquery/texosquery-jre8.sh
tikztosvg/tikztosvg
typeoutfileinfo/typeoutfileinfo.sh
wordcount/wordcount.sh
a2ping/a2ping.pl
accfonts/mkt1font
accfonts/vpl2ovp
accfonts/vpl2vpl
albatross/albatross.sh
arara/arara.sh
attachfile2/pdfatfi.pl
authorindex/authorindex
bib2gls/bib2gls.sh
bib2gls/convertgls2bib.sh
bib2gls/datatool2bib.sh
bibcop/bibcop.pl
bibtexperllibs/ltx2unitxt
bookshelf/bookshelf-listallfonts
bookshelf/bookshelf-mkfontsel
bundledoc/arlatex
bundledoc/bundledoc
cachepic/cachepic.tlu
checkcites/checkcites.lua
citation-style-language/citeproc-lua.lua
chklref/chklref.pl
cjk-gs-integrate/cjk-gs-integrate.pl
clojure-pamphlet/pamphletangler
cluttex/cluttex.lua
context/perl/mptopdf.pl
convbkmk/convbkmk.rb
crossrefware/bbl2bib.pl
crossrefware/bibdoiadd.pl
crossrefware/bibmradd.pl
crossrefware/biburl2doi.pl
crossrefware/bibzbladd.pl
crossrefware/ltx2crossrefxml.pl
ctan-o-mat/ctan-o-mat.pl
ctanify/ctanify
ctanupload/ctanupload.pl
de-macro/de-macro
diadia/diadia.lua
digestif/digestif.texlua
dosepsbin/dosepsbin.pl
dviasm/dviasm.py
dviinfox/dviinfox.pl
easydtx/edtx2dtx.pl
ebong/ebong.py
eolang/eolang.pl
epspdf/epspdf.tlu
epspdf/epspdftk.tcl
epstopdf/epstopdf.pl
exceltex/exceltex
expltools/explcheck.lua
extractbb/extractbb.lua
fig4latex/fig4latex
findhyph/findhyph
fontools/afm2afm
fontools/autoinst
fontools/ot2kpx
fragmaster/fragmaster.pl
getmap/getmapdl.lua
glossaries/makeglossaries
glossaries/makeglossaries-lite.lua
hyperxmp/hyperxmp-add-bytecount.pl
jfmutil/jfmutil.pl
ketcindy/ketcindy.pl
kotex-utils/jamo-normalize.pl
kotex-utils/komkindex.pl
kotex-utils/ttf2kotexfont.pl
l3build/l3build.lua
l3sys-query/l3sys-query.lua
latex-git-log/latex-git-log
latex-papersize/latex-papersize.py
latex2man/latex2man
latex2nemeth/latex2nemeth
latexdiff/latexdiff-vc.pl
latexdiff/latexdiff.pl
latexdiff/latexrevise.pl
latexindent/latexindent.pl
latexmk/latexmk.pl
latexpand/latexpand
light-latex-make/llmk.lua
lilyglyphs/lily-glyph-commands.py
lilyglyphs/lily-image-commands.py
lilyglyphs/lily-rebuild-pdfs.py
ltximg/ltximg.pl
luafindfont/luafindfont.lua
luaotfload/luaotfload-tool.lua
lwarp/lwarpmk.lua
m-tx/m-tx.lua
makedtx/makedtx.pl
make4ht/make4ht
match_parens/match_parens
mathspic/mathspic.pl
memoize/memoize-clean.pl
memoize/memoize-clean.py
memoize/memoize-extract.pl
memoize/memoize-extract.py
mf2pt1/mf2pt1.pl
minted/latexminted.py
mkgrkindex/mkgrkindex
mkjobtexmf/mkjobtexmf.pl
mkpic/mkpic
multibibliography/multibibliography.pl
musixtex/musixflx.lua
musixtex/musixtex.lua
optexcount/optexcount
pax/pdfannotextractor.pl
pdfcrop/pdfcrop.pl
pdflatexpicscale/pdflatexpicscale.pl
pedigree-perl/pedigree.pl
perltex/perltex.pl
petri-nets/pn2pdf
pfarrei/a5toa4.tlu
pfarrei/pfarrei.tlu
pkfix-helper/pkfix-helper
pkfix/pkfix.pl
pmxchords/pmxchords.lua
ppmcheckpdf/ppmcheckpdf.lua
pst2pdf/pst2pdf.pl
ptex-fontmaps/kanji-config-updmap-sys.sh
ptex-fontmaps/kanji-config-updmap-user.sh
ptex-fontmaps/kanji-config-updmap.pl
ptex-fontmaps/kanji-fontmap-creator.pl
ptex2pdf/ptex2pdf.lua
purifyeps/purifyeps
pygmentex/pygmentex.py
pythontex/depythontex.py
pythontex/pythontex.py
rubik/rubikrotation.pl
runtexshebang/runtexshebang.lua
spix/spix.py
splitindex/splitindex.pl
sqltex/sqltex
srcredact/srcredact.pl
sty2dtx/sty2dtx.pl
svn-multi/svn-multi.pl
tex4ebook/tex4ebook
texblend/texblend
texcount/texcount.pl
texdef/texdef.pl
texdiff/texdiff
texdirflatten/texdirflatten
texfindpkg/texfindpkg.lua
texdoc/texdoc.tlu
texfot/texfot.pl
texlive/fmtutil-sys.sh
texlive/fmtutil-user.sh
texlive/fmtutil.pl
texlive/mktexlsr
texlive/mktexmf
texlive/mktexpk
texlive/mktextfm
texlive/rungs.lua
texlive/tlmgr.pl
texlive/updmap-sys.sh
texlive/updmap-user.sh
texlive/updmap.pl
texlive-extra/e2pall.pl
texliveonfly/texliveonfly.py
texloganalyser/texloganalyser
texlogfilter/texlogfilter
texlogsieve/texlogsieve
texplate/texplate.sh
thumbpdf/thumbpdf.pl
tlcockpit/tlcockpit.sh
tlshell/tlshell.tcl
typog/typog-grep.pl
ulqda/ulqda.pl
urlbst/urlbst
vpe/vpe.pl
webquiz/webquiz.py
xindex/xindex.lua
yplan/yplan
'
