texmf-dist/scripts/adhocfilelist/adhocfilelist.sh adhocfilelist
texmf-dist/scripts/bibexport/bibexport.sh bibexport
texmf-dist/scripts/checklistings/checklistings.sh checklistings
texmf-dist/scripts/ctanbib/ctanbib ctanbib
texmf-dist/scripts/dtxgen/dtxgen dtxgen
texmf-dist/scripts/git-latexdiff/git-latexdiff git-latexdiff
texmf-dist/scripts/installfont/installfont-tl installfont-tl
texmf-dist/scripts/latexfileversion/latexfileversion latexfileversion
texmf-dist/scripts/listbib/listbib listbib
texmf-dist/scripts/listings-ext/listings-ext.sh listings-ext.sh
texmf-dist/scripts/ltxfileinfo/ltxfileinfo ltxfileinfo
texmf-dist/scripts/pagelayout/pagelayoutapi pagelayoutapi
texmf-dist/scripts/pagelayout/textestvis textestvis
texmf-dist/scripts/pdfbook2/pdfbook2 pdfbook2
texmf-dist/scripts/pdfjam/pdfjam pdfjam
texmf-dist/scripts/pdftex-quiet/pdftex-quiet pdftex-quiet
texmf-dist/scripts/pdfxup/pdfxup pdfxup
texmf-dist/scripts/pst-pdf/ps4pdf ps4pdf
texmf-dist/scripts/simpdftex/simpdftex simpdftex
texmf-dist/scripts/texaccents/texaccents.sno texaccents
texmf-dist/scripts/texlive-extra/allcm.sh allcm
texmf-dist/scripts/texlive-extra/allneeded.sh allneeded
texmf-dist/scripts/texlive-extra/dvi2fax.sh dvi2fax
texmf-dist/scripts/texlive-extra/dvired.sh dvired
texmf-dist/scripts/texlive-extra/fontinst.sh fontinst
texmf-dist/scripts/texlive-extra/kpsetool.sh kpsetool
texmf-dist/scripts/texlive-extra/kpsewhere.sh kpsewhere
texmf-dist/scripts/texlive-extra/ps2frag.sh ps2frag
texmf-dist/scripts/texlive-extra/pslatex.sh pslatex
texmf-dist/scripts/texlive-extra/rubibtex.sh rubibtex
texmf-dist/scripts/texlive-extra/rumakeindex.sh rumakeindex
texmf-dist/scripts/texlive-extra/texconfig-dialog.sh texconfig-dialog
texmf-dist/scripts/texlive-extra/texconfig-sys.sh texconfig-sys
texmf-dist/scripts/texlive-extra/texconfig.sh texconfig
texmf-dist/scripts/texlive-extra/texlinks.sh texlinks
texmf-dist/scripts/texlive-extra/xetex-unsafe.sh xetex-unsafe
texmf-dist/scripts/texlive-extra/xelatex-unsafe.sh xelatex-unsafe
texmf-dist/scripts/texosquery/texosquery.sh texosquery
texmf-dist/scripts/texosquery/texosquery-jre5.sh texosquery-jre5
texmf-dist/scripts/texosquery/texosquery-jre8.sh texosquery-jre8
texmf-dist/scripts/tikztosvg/tikztosvg tikztosvg
texmf-dist/scripts/typeoutfileinfo/typeoutfileinfo.sh typeoutfileinfo
texmf-dist/scripts/wordcount/wordcount.sh wordcount
texmf-dist/scripts/a2ping/a2ping.pl a2ping
texmf-dist/scripts/accfonts/mkt1font mkt1font
texmf-dist/scripts/accfonts/vpl2ovp vpl2ovp
texmf-dist/scripts/accfonts/vpl2vpl vpl2vpl
texmf-dist/scripts/albatross/albatross.sh albatross
texmf-dist/scripts/arara/arara.sh arara
texmf-dist/scripts/attachfile2/pdfatfi.pl pdfatfi
texmf-dist/scripts/authorindex/authorindex authorindex
texmf-dist/scripts/bib2gls/bib2gls.sh bib2gls
texmf-dist/scripts/bib2gls/convertgls2bib.sh convertgls2bib
texmf-dist/scripts/bib2gls/datatool2bib.sh datatool2bib
texmf-dist/scripts/bibcop/bibcop.pl bibcop
texmf-dist/scripts/bibtexperllibs/ltx2unitxt ltx2unitxt
texmf-dist/scripts/bookshelf/bookshelf-listallfonts bookshelf-listallfonts
texmf-dist/scripts/bookshelf/bookshelf-mkfontsel bookshelf-mkfontsel
texmf-dist/scripts/bundledoc/arlatex arlatex
texmf-dist/scripts/bundledoc/bundledoc bundledoc
texmf-dist/scripts/cachepic/cachepic.tlu cachepic
texmf-dist/scripts/checkcites/checkcites.lua checkcites
texmf-dist/scripts/citation-style-language/citeproc-lua.lua citeproc-lua
texmf-dist/scripts/chklref/chklref.pl chklref
texmf-dist/scripts/cjk-gs-integrate/cjk-gs-integrate.pl cjk-gs-integrate
texmf-dist/scripts/clojure-pamphlet/pamphletangler pamphletangler
texmf-dist/scripts/cluttex/cluttex.lua cluttex
texmf-dist/scripts/context/perl/mptopdf.pl mptopdf
texmf-dist/scripts/convbkmk/convbkmk.rb convbkmk
texmf-dist/scripts/crossrefware/bbl2bib.pl bbl2bib
texmf-dist/scripts/crossrefware/bibdoiadd.pl bibdoiadd
texmf-dist/scripts/crossrefware/bibmradd.pl bibmradd
texmf-dist/scripts/crossrefware/biburl2doi.pl biburl2doi
texmf-dist/scripts/crossrefware/bibzbladd.pl bibzbladd
texmf-dist/scripts/crossrefware/ltx2crossrefxml.pl ltx2crossrefxml
texmf-dist/scripts/ctan-o-mat/ctan-o-mat.pl ctan-o-mat
texmf-dist/scripts/ctanify/ctanify ctanify
texmf-dist/scripts/ctanupload/ctanupload.pl ctanupload
texmf-dist/scripts/de-macro/de-macro de-macro
texmf-dist/scripts/diadia/diadia.lua diadia
texmf-dist/scripts/digestif/digestif.texlua digestif
texmf-dist/scripts/dosepsbin/dosepsbin.pl dosepsbin
texmf-dist/scripts/dviasm/dviasm.py dviasm
texmf-dist/scripts/dviinfox/dviinfox.pl dviinfox
texmf-dist/scripts/easydtx/edtx2dtx.pl edtx2dtx
texmf-dist/scripts/ebong/ebong.py ebong
texmf-dist/scripts/eolang/eolang.pl eolang
texmf-dist/scripts/epspdf/epspdf.tlu epspdf
texmf-dist/scripts/epspdf/epspdftk.tcl epspdftk
texmf-dist/scripts/epstopdf/epstopdf.pl epstopdf
texmf-dist/scripts/exceltex/exceltex exceltex
texmf-dist/scripts/expltools/explcheck.lua explcheck
texmf-dist/scripts/extractbb/extractbb.lua extractbb
texmf-dist/scripts/fig4latex/fig4latex fig4latex
texmf-dist/scripts/findhyph/findhyph findhyph
texmf-dist/scripts/fontools/afm2afm afm2afm
texmf-dist/scripts/fontools/autoinst autoinst
texmf-dist/scripts/fontools/ot2kpx ot2kpx
texmf-dist/scripts/fragmaster/fragmaster.pl fragmaster
texmf-dist/scripts/getmap/getmapdl.lua getmapdl
texmf-dist/scripts/glossaries/makeglossaries makeglossaries
texmf-dist/scripts/glossaries/makeglossaries-lite.lua makeglossaries-lite
texmf-dist/scripts/hyperxmp/hyperxmp-add-bytecount.pl hyperxmp-add-bytecount
texmf-dist/scripts/jfmutil/jfmutil.pl jfmutil
texmf-dist/scripts/ketcindy/ketcindy.pl ketcindy
texmf-dist/scripts/kotex-utils/jamo-normalize.pl jamo-normalize
texmf-dist/scripts/kotex-utils/komkindex.pl komkindex
texmf-dist/scripts/kotex-utils/ttf2kotexfont.pl ttf2kotexfont
texmf-dist/scripts/l3build/l3build.lua l3build
texmf-dist/scripts/l3sys-query/l3sys-query.lua l3sys-query
texmf-dist/scripts/latex-git-log/latex-git-log latex-git-log
texmf-dist/scripts/latex-papersize/latex-papersize.py latex-papersize
texmf-dist/scripts/latex2man/latex2man latex2man
texmf-dist/scripts/latex2nemeth/latex2nemeth latex2nemeth
texmf-dist/scripts/latexdiff/latexdiff-vc.pl latexdiff-vc
texmf-dist/scripts/latexdiff/latexdiff.pl latexdiff
texmf-dist/scripts/latexdiff/latexrevise.pl latexrevise
texmf-dist/scripts/latexindent/latexindent.pl latexindent
texmf-dist/scripts/latexmk/latexmk.pl latexmk
texmf-dist/scripts/latexpand/latexpand latexpand
texmf-dist/scripts/light-latex-make/llmk.lua llmk
texmf-dist/scripts/lilyglyphs/lily-glyph-commands.py lily-glyph-commands
texmf-dist/scripts/lilyglyphs/lily-image-commands.py lily-image-commands
texmf-dist/scripts/lilyglyphs/lily-rebuild-pdfs.py lily-rebuild-pdfs
texmf-dist/scripts/ltximg/ltximg.pl ltximg
texmf-dist/scripts/luafindfont/luafindfont.lua luafindfont
texmf-dist/scripts/luaotfload/luaotfload-tool.lua luaotfload-tool
texmf-dist/scripts/lwarp/lwarpmk.lua lwarpmk
texmf-dist/scripts/m-tx/m-tx.lua m-tx
texmf-dist/scripts/makedtx/makedtx.pl makedtx
texmf-dist/scripts/make4ht/make4ht make4ht
texmf-dist/scripts/match_parens/match_parens match_parens
texmf-dist/scripts/mathspic/mathspic.pl mathspic
texmf-dist/scripts/memoize/memoize-clean.pl memoize-clean.pl
texmf-dist/scripts/memoize/memoize-clean.py memoize-clean.py
texmf-dist/scripts/memoize/memoize-extract.pl memoize-extract.pl
texmf-dist/scripts/memoize/memoize-extract.py memoize-extract.py
texmf-dist/scripts/mf2pt1/mf2pt1.pl mf2pt1
texmf-dist/scripts/minted/latexminted.py latexminted
texmf-dist/scripts/mkgrkindex/mkgrkindex mkgrkindex
texmf-dist/scripts/mkjobtexmf/mkjobtexmf.pl mkjobtexmf
texmf-dist/scripts/mkpic/mkpic mkpic
texmf-dist/scripts/multibibliography/multibibliography.pl multibibliography
texmf-dist/scripts/musixtex/musixflx.lua musixflx
texmf-dist/scripts/musixtex/musixtex.lua musixtex
texmf-dist/scripts/optexcount/optexcount optexcount
texmf-dist/scripts/pax/pdfannotextractor.pl pdfannotextractor
texmf-dist/scripts/pdfcrop/pdfcrop.pl pdfcrop
texmf-dist/scripts/pdflatexpicscale/pdflatexpicscale.pl pdflatexpicscale
texmf-dist/scripts/pedigree-perl/pedigree.pl pedigree
texmf-dist/scripts/perltex/perltex.pl perltex
texmf-dist/scripts/petri-nets/pn2pdf pn2pdf
texmf-dist/scripts/pfarrei/a5toa4.tlu a5toa4
texmf-dist/scripts/pfarrei/pfarrei.tlu pfarrei
texmf-dist/scripts/pkfix-helper/pkfix-helper pkfix-helper
texmf-dist/scripts/pkfix/pkfix.pl pkfix
texmf-dist/scripts/pmxchords/pmxchords.lua pmxchords
texmf-dist/scripts/ppmcheckpdf/ppmcheckpdf.lua ppmcheckpdf
texmf-dist/scripts/pst2pdf/pst2pdf.pl pst2pdf
texmf-dist/scripts/ptex-fontmaps/kanji-config-updmap-sys.sh kanji-config-updmap-sys
texmf-dist/scripts/ptex-fontmaps/kanji-config-updmap-user.sh kanji-config-updmap-user
texmf-dist/scripts/ptex-fontmaps/kanji-config-updmap.pl kanji-config-updmap
texmf-dist/scripts/ptex-fontmaps/kanji-fontmap-creator.pl kanji-fontmap-creator
texmf-dist/scripts/ptex2pdf/ptex2pdf.lua ptex2pdf
texmf-dist/scripts/purifyeps/purifyeps purifyeps
texmf-dist/scripts/pygmentex/pygmentex.py pygmentex
texmf-dist/scripts/pythontex/depythontex.py depythontex
texmf-dist/scripts/pythontex/pythontex.py pythontex
texmf-dist/scripts/rubik/rubikrotation.pl rubikrotation
texmf-dist/scripts/runtexshebang/runtexshebang.lua runtexshebang
texmf-dist/scripts/spix/spix.py spix
texmf-dist/scripts/splitindex/splitindex.pl splitindex
texmf-dist/scripts/sqltex/sqltex sqltex
texmf-dist/scripts/srcredact/srcredact.pl srcredact
texmf-dist/scripts/sty2dtx/sty2dtx.pl sty2dtx
texmf-dist/scripts/svn-multi/svn-multi.pl svn-multi
texmf-dist/scripts/tex4ebook/tex4ebook tex4ebook
texmf-dist/scripts/texblend/texblend texblend
texmf-dist/scripts/texcount/texcount.pl texcount
texmf-dist/scripts/texdef/texdef.pl texdef
texmf-dist/scripts/texdiff/texdiff texdiff
texmf-dist/scripts/texdirflatten/texdirflatten texdirflatten
texmf-dist/scripts/texfindpkg/texfindpkg.lua texfindpkg
texmf-dist/scripts/texdoc/texdoc.tlu texdoc
texmf-dist/scripts/texfot/texfot.pl texfot
texmf-dist/scripts/texlive/fmtutil-sys.sh fmtutil-sys
texmf-dist/scripts/texlive/fmtutil-user.sh fmtutil-user
texmf-dist/scripts/texlive/fmtutil.pl fmtutil
texmf-dist/scripts/texlive/mktexlsr mktexlsr
texmf-dist/scripts/texlive/mktexmf mktexmf
texmf-dist/scripts/texlive/mktexpk mktexpk
texmf-dist/scripts/texlive/mktextfm mktextfm
texmf-dist/scripts/texlive/rungs.lua rungs
texmf-dist/scripts/texlive/tlmgr.pl tlmgr
texmf-dist/scripts/texlive/updmap-sys.sh updmap-sys
texmf-dist/scripts/texlive/updmap-user.sh updmap-user
texmf-dist/scripts/texlive/updmap.pl updmap
texmf-dist/scripts/texlive-extra/e2pall.pl e2pall
texmf-dist/scripts/texliveonfly/texliveonfly.py texliveonfly
texmf-dist/scripts/texloganalyser/texloganalyser texloganalyser
texmf-dist/scripts/texlogfilter/texlogfilter texlogfilter
texmf-dist/scripts/texlogsieve/texlogsieve texlogsieve
texmf-dist/scripts/texplate/texplate.sh texplate
texmf-dist/scripts/thumbpdf/thumbpdf.pl thumbpdf
texmf-dist/scripts/tlcockpit/tlcockpit.sh tlcockpit
texmf-dist/scripts/tlshell/tlshell.tcl tlshell
texmf-dist/scripts/typog/typog-grep.pl typog-grep
texmf-dist/scripts/ulqda/ulqda.pl ulqda
texmf-dist/scripts/urlbst/urlbst urlbst
texmf-dist/scripts/vpe/vpe.pl vpe
texmf-dist/scripts/webquiz/webquiz.py webquiz
texmf-dist/scripts/xindex/xindex.lua xindex
texmf-dist/scripts/yplan/yplan yplan
allcm allec
cluttex clxelatex
cluttex cllualatex
epstopdf repstopdf
fmtutil mktexfmt
kpsetool kpsexpand
kpsetool kpsepath
mktexlsr texhash
pdfcrop rpdfcrop
texdef latexdef
